// Jest Snapshot v1, https://goo.gl/fbAQLP

exports[`IconToggle checked 1`] = `"<label class=\\"mdl-icon-toggle mdl-js-icon-toggle mdl-js-ripple-effect mdl-js-ripple-effect--ignore-events is-checked is-upgraded\\" for=\\"__icon-toggle__1\\" data-upgraded=\\",MaterialIconToggle,MaterialRipple\\"><input type=\\"checkbox\\" id=\\"__icon-toggle__1\\" class=\\"mdl-icon-toggle__input\\"><i class=\\"mdl-icon-toggle__label material-icons\\">favorite</i><span class=\\"mdl-icon-toggle__ripple-container mdl-js-ripple-effect mdl-ripple--center\\"><span class=\\"mdl-ripple\\"></span></span></label>"`;

exports[`IconToggle id 1`] = `"<label class=\\"mdl-icon-toggle mdl-js-icon-toggle mdl-js-ripple-effect mdl-js-ripple-effect--ignore-events is-upgraded\\" for=\\"icontoggle_id\\" data-upgraded=\\",MaterialIconToggle,MaterialRipple\\"><input type=\\"checkbox\\" id=\\"icontoggle_id\\" class=\\"mdl-icon-toggle__input\\"><i class=\\"mdl-icon-toggle__label material-icons\\">favorite</i><span class=\\"mdl-icon-toggle__ripple-container mdl-js-ripple-effect mdl-ripple--center\\"><span class=\\"mdl-ripple\\"></span></span></label>"`;

exports[`IconToggle no options 1`] = `"<label class=\\"mdl-icon-toggle mdl-js-icon-toggle mdl-js-ripple-effect mdl-js-ripple-effect--ignore-events is-upgraded\\" for=\\"__icon-toggle__1\\" data-upgraded=\\",MaterialIconToggle,MaterialRipple\\"><input type=\\"checkbox\\" id=\\"__icon-toggle__1\\" class=\\"mdl-icon-toggle__input\\"><i class=\\"mdl-icon-toggle__label material-icons\\">favorite</i><span class=\\"mdl-icon-toggle__ripple-container mdl-js-ripple-effect mdl-ripple--center\\"><span class=\\"mdl-ripple\\"></span></span></label>"`;

exports[`IconToggle ripple (false) 1`] = `"<label class=\\"mdl-icon-toggle mdl-js-icon-toggle is-upgraded\\" for=\\"__icon-toggle__1\\" data-upgraded=\\",MaterialIconToggle\\"><input type=\\"checkbox\\" id=\\"__icon-toggle__1\\" class=\\"mdl-icon-toggle__input\\"><i class=\\"mdl-icon-toggle__label material-icons\\">favorite</i></label>"`;
