// Jest Snapshot v1, https://goo.gl/fbAQLP

exports[`Radio checked 1`] = `"<label class=\\"mdl-radio mdl-js-radio mdl-js-ripple-effect mdl-js-ripple-effect--ignore-events is-checked is-upgraded\\" for=\\"__radio__1\\" data-upgraded=\\",MaterialRadio,MaterialRipple\\"><input type=\\"radio\\" id=\\"__radio__1\\" class=\\"mdl-radio__button\\"><span class=\\"mdl-radio__label\\">radio label</span><span class=\\"mdl-radio__outer-circle\\"></span><span class=\\"mdl-radio__inner-circle\\"></span><span class=\\"mdl-radio__ripple-container mdl-js-ripple-effect mdl-ripple--center\\"><span class=\\"mdl-ripple\\"></span></span></label>"`;

exports[`Radio id 1`] = `"<label class=\\"mdl-radio mdl-js-radio mdl-js-ripple-effect mdl-js-ripple-effect--ignore-events is-upgraded\\" for=\\"radio_id\\" data-upgraded=\\",MaterialRadio,MaterialRipple\\"><input type=\\"radio\\" id=\\"radio_id\\" class=\\"mdl-radio__button\\"><span class=\\"mdl-radio__label\\">radio label</span><span class=\\"mdl-radio__outer-circle\\"></span><span class=\\"mdl-radio__inner-circle\\"></span><span class=\\"mdl-radio__ripple-container mdl-js-ripple-effect mdl-ripple--center\\"><span class=\\"mdl-ripple\\"></span></span></label>"`;

exports[`Radio no options 1`] = `"<label class=\\"mdl-radio mdl-js-radio mdl-js-ripple-effect mdl-js-ripple-effect--ignore-events is-upgraded\\" for=\\"__radio__1\\" data-upgraded=\\",MaterialRadio,MaterialRipple\\"><input type=\\"radio\\" id=\\"__radio__1\\" class=\\"mdl-radio__button\\"><span class=\\"mdl-radio__label\\">radio label</span><span class=\\"mdl-radio__outer-circle\\"></span><span class=\\"mdl-radio__inner-circle\\"></span><span class=\\"mdl-radio__ripple-container mdl-js-ripple-effect mdl-ripple--center\\"><span class=\\"mdl-ripple\\"></span></span></label>"`;

exports[`Radio ripple (false) 1`] = `"<label class=\\"mdl-radio mdl-js-radio is-upgraded\\" for=\\"__radio__1\\" data-upgraded=\\",MaterialRadio\\"><input type=\\"radio\\" id=\\"__radio__1\\" class=\\"mdl-radio__button\\"><span class=\\"mdl-radio__label\\">radio label</span><span class=\\"mdl-radio__outer-circle\\"></span><span class=\\"mdl-radio__inner-circle\\"></span></label>"`;
